---
source: crates/ruff/src/rules/pydocstyle/mod.rs
expression: diagnostics
---
- kind:
    name: MultiLineSummaryFirstLine
    body: Multi-line docstring summary should start at the first line
    suggestion: Remove whitespace after opening quotes
    fixable: true
  location:
    row: 129
    column: 4
  end_location:
    row: 131
    column: 7
  fix:
    content: ""
    location:
      row: 129
      column: 7
    end_location:
      row: 130
      column: 4
  parent: ~
- kind:
    name: MultiLineSummaryFirstLine
    body: Multi-line docstring summary should start at the first line
    suggestion: Remove whitespace after opening quotes
    fixable: true
  location:
    row: 604
    column: 4
  end_location:
    row: 606
    column: 13
  fix:
    content: ""
    location:
      row: 604
      column: 7
    end_location:
      row: 606
      column: 4
  parent: ~
- kind:
    name: MultiLineSummaryFirstLine
    body: Multi-line docstring summary should start at the first line
    suggestion: Remove whitespace after opening quotes
    fixable: true
  location:
    row: 631
    column: 4
  end_location:
    row: 633
    column: 14
  fix:
    content: ""
    location:
      row: 631
      column: 7
    end_location:
      row: 633
      column: 4
  parent: ~

