---
source: crates/ruff/src/rules/pydocstyle/mod.rs
expression: diagnostics
---
- kind:
    name: NoBlankLineAfterFunction
    body: No blank lines allowed after function docstring (found 1)
    suggestion: Remove blank line(s) after function docstring
    fixable: true
  location:
    row: 142
    column: 4
  end_location:
    row: 142
    column: 24
  fix:
    content: ""
    location:
      row: 143
      column: 0
    end_location:
      row: 144
      column: 0
  parent: ~
- kind:
    name: NoBlankLineAfterFunction
    body: No blank lines allowed after function docstring (found 1)
    suggestion: Remove blank line(s) after function docstring
    fixable: true
  location:
    row: 151
    column: 4
  end_location:
    row: 151
    column: 37
  fix:
    content: ""
    location:
      row: 152
      column: 0
    end_location:
      row: 153
      column: 0
  parent: ~
- kind:
    name: NoBlankLineAfterFunction
    body: No blank lines allowed after function docstring (found 1)
    suggestion: Remove blank line(s) after function docstring
    fixable: true
  location:
    row: 562
    column: 4
  end_location:
    row: 565
    column: 7
  fix:
    content: ""
    location:
      row: 566
      column: 0
    end_location:
      row: 567
      column: 0
  parent: ~
- kind:
    name: NoBlankLineAfterFunction
    body: No blank lines allowed after function docstring (found 1)
    suggestion: Remove blank line(s) after function docstring
    fixable: true
  location:
    row: 575
    column: 4
  end_location:
    row: 578
    column: 7
  fix:
    content: ""
    location:
      row: 579
      column: 0
    end_location:
      row: 580
      column: 0
  parent: ~

